// Jest Snapshot v1, https://goo.gl/fbAQLP

exports[`Home should match snapshot 1`] = `
<div
  className="animated fadeIn"
>
  <div
    className="row"
  >
    <div
      className="col-md-12"
    >
      <div
        className="card card-inverse card-primary"
      >
        <div
          className="card-header"
        >
          Home
        </div>
        <div
          className="card-block"
        >
          Lorem ipsum dolor sit amet, consectetuer adipiscing elit, sed diam nonummy nibh euismod tincidunt ut laoreet dolore magna aliquam erat volutpat. Ut wisi enim ad minim veniam, quis nostrud exerci tation ullamcorper suscipit lobortis nisl ut aliquip ex ea commodo consequat.
        </div>
      </div>
    </div>
  </div>
</div>
`;
