// Jest Snapshot v1, https://goo.gl/fbAQLP

exports[`Calendar should match snapshot 1`] = `
<div
  className="animated fadein"
>
  <div
    className="col-md-12"
  >
    <div
      className="card"
    >
      <div
        className="card-block"
      >
        <EventCalendar
          defaultView="month"
          height={530}
        />
      </div>
    </div>
  </div>
</div>
`;
